// Jest Snapshot v1, https://goo.gl/fbAQLP

exports[`matches snapshot 1`] = `
<DocumentFragment>
  <div
    class="Todo"
  >
    <h1 />
    <button
      class="Todo-btn"
    >
      x
    </button>
  </div>
</DocumentFragment>
`;
